--------------------------------------------------------
An initial condition has been set:
Derivative order = 0--------------------------------------------------------
--------------------------------------------------------
An initial condition has been set:
Derivative order = 1--------------------------------------------------------
--------------------------------------------------------
Configuration has been resized to the following vectors:
Derivative order = 0, time line size = 2
Derivative order = 1, time line size = 2
Derivative order = 2, time line size = 2
--------------------------------------------------------
--------------------------------------------------------
             Solving step number 1 time = 0.1
--------------------------------------------------------
--------------------------------------------------------
             Solving step number 2 time = 0.2
--------------------------------------------------------
--------------------------------------------------------
             Solving step number 3 time = 0.3
--------------------------------------------------------
--------------------------------------------------------
             Solving step number 4 time = 0.4
--------------------------------------------------------
--------------------------------------------------------
             Solving step number 5 time = 0.5
--------------------------------------------------------
--------------------------------------------------------
             Solving step number 6 time = 0.6
--------------------------------------------------------
--------------------------------------------------------
             Solving step number 7 time = 0.7
--------------------------------------------------------
--------------------------------------------------------
             Solving step number 8 time = 0.8
--------------------------------------------------------
--------------------------------------------------------
             Solving step number 9 time = 0.9
--------------------------------------------------------
--------------------------------------------------------
             Solving step number 10 time = 1
--------------------------------------------------------
End configuration: Vector (2) = 
0.12 
0.12 
