<area shape="rect" href="$cellrect_8cpp&#45;source.html" title="src/cellrect.cpp" alt="" coords="2075,80,2187,107">
<area shape="rect" href="$flexbody_8h&#45;source.html" title="src/flexbody.h" alt="" coords="2211,80,2317,107">
<area shape="rect" href="$flexglobalgalerkin_8h&#45;source.html" title="src/flexglobalgalerkin.h" alt="" coords="2093,155,2253,181">
<area shape="rect" href="$flexbody_8cpp&#45;source.html" title="src/flexbody.cpp" alt="" coords="3659,379,3779,405">
<area shape="rect" href="$system_8h&#45;source.html" title="src/system.h" alt="" coords="2124,229,2223,256">
<area shape="rect" href="$flexglobalgalerkin_8cpp&#45;source.html" title="src/flexglobalgalerkin.cpp" alt="" coords="5,379,179,405">
<area shape="rect" href="$simulation_8h&#45;source.html" title="src/simulation.h" alt="" coords="2051,304,2168,331">
<area shape="rect" href="$system_8cpp&#45;source.html" title="src/system.cpp" alt="" coords="2192,304,2304,331">
<area shape="rect" href="$analysis_8cpp&#45;source.html" title="src/analysis.cpp" alt="" coords="3323,379,3440,405">
<area shape="rect" href="$analysisdynamic_8cpp&#45;source.html" title="src/analysisdynamic.cpp" alt="" coords="3464,379,3635,405">
<area shape="rect" href="$analysisstatic_8cpp&#45;source.html" title="src/analysisstatic.cpp" alt="" coords="203,379,352,405">
<area shape="rect" href="$constraint_8cpp&#45;source.html" title="src/constraint.cpp" alt="" coords="376,379,504,405">
<area shape="rect" href="$constraintclearance_8cpp&#45;source.html" title="src/constraintclearance.cpp" alt="" coords="528,379,715,405">
<area shape="rect" href="$constraintcontact_8cpp&#45;source.html" title="src/constraintcontact.cpp" alt="" coords="739,379,912,405">
<area shape="rect" href="$constraintdistance_8cpp&#45;source.html" title="src/constraintdistance.cpp" alt="" coords="936,379,1115,405">
<area shape="rect" href="$constraintfixedaxis_8cpp&#45;source.html" title="src/constraintfixedaxis.cpp" alt="" coords="1139,379,1320,405">
<area shape="rect" href="$constraintfixedcoordinates_8cpp&#45;source.html" title="src/constraintfixedcoordinates.cpp" alt="" coords="1344,379,1573,405">
<area shape="rect" href="$force_8cpp&#45;source.html" title="src/force.cpp" alt="" coords="1597,379,1696,405">
<area shape="rect" href="$gausspoint_8cpp&#45;source.html" title="src/gausspoint.cpp" alt="" coords="1720,379,1856,405">
<area shape="rect" href="$generalcontact_8cpp&#45;source.html" title="src/generalcontact.cpp" alt="" coords="1880,379,2037,405">
<area shape="rect" href="$load_8cpp&#45;source.html" title="src/load.cpp" alt="" coords="2061,379,2157,405">
<area shape="rect" href="$mknix_8cpp&#45;source.html" title="src/mknix.cpp" alt="" coords="2181,379,2285,405">
<area shape="rect" href="$reader_8h&#45;source.html" title="src/reader.h" alt="" coords="2309,379,2405,405">
<area shape="rect" href="$simulation_8cpp&#45;source.html" title="src/simulation.cpp" alt="" coords="2377,453,2508,480">
<area shape="rect" href="$rigidbar_8cpp&#45;source.html" title="src/rigidbar.cpp" alt="" coords="2480,379,2595,405">
<area shape="rect" href="$rigidbody_8cpp&#45;source.html" title="src/rigidbody.cpp" alt="" coords="2619,379,2744,405">
<area shape="rect" href="$rigidbody3D_8cpp&#45;source.html" title="src/rigidbody3D.cpp" alt="" coords="2768,379,2909,405">
<area shape="rect" href="$rigidbodymasspoint_8cpp&#45;source.html" title="src/rigidbodymasspoint.cpp" alt="" coords="2933,379,3120,405">
<area shape="rect" href="$shapefunction_8cpp&#45;source.html" title="src/shapefunction.cpp" alt="" coords="3144,379,3299,405">
<area shape="rect" href="$reader_8cpp&#45;source.html" title="src/reader.cpp" alt="" coords="2244,453,2353,480">
