<area shape="rect" href="$celltriang_8cpp&#45;source.html" title="src/celltriang.cpp" alt="" coords="2599,80,2721,107">
<area shape="rect" href="$elemtriangle_8h&#45;source.html" title="src/elemtriangle.h" alt="" coords="2745,80,2876,107">
<area shape="rect" href="$flexbody_8h&#45;source.html" title="src/flexbody.h" alt="" coords="2860,155,2967,181">
<area shape="rect" href="$elemtriangle_8cpp&#45;source.html" title="src/elemtriangle.cpp" alt="" coords="2692,155,2836,181">
<area shape="rect" href="$flexglobalgalerkin_8h&#45;source.html" title="src/flexglobalgalerkin.h" alt="" coords="2087,229,2247,256">
<area shape="rect" href="$flexbody_8cpp&#45;source.html" title="src/flexbody.cpp" alt="" coords="3659,453,3779,480">
<area shape="rect" href="$system_8h&#45;source.html" title="src/system.h" alt="" coords="2117,304,2216,331">
<area shape="rect" href="$flexglobalgalerkin_8cpp&#45;source.html" title="src/flexglobalgalerkin.cpp" alt="" coords="5,453,179,480">
<area shape="rect" href="$simulation_8h&#45;source.html" title="src/simulation.h" alt="" coords="2051,379,2168,405">
<area shape="rect" href="$system_8cpp&#45;source.html" title="src/system.cpp" alt="" coords="2192,379,2304,405">
<area shape="rect" href="$analysis_8cpp&#45;source.html" title="src/analysis.cpp" alt="" coords="3323,453,3440,480">
<area shape="rect" href="$analysisdynamic_8cpp&#45;source.html" title="src/analysisdynamic.cpp" alt="" coords="3464,453,3635,480">
<area shape="rect" href="$analysisstatic_8cpp&#45;source.html" title="src/analysisstatic.cpp" alt="" coords="203,453,352,480">
<area shape="rect" href="$constraint_8cpp&#45;source.html" title="src/constraint.cpp" alt="" coords="376,453,504,480">
<area shape="rect" href="$constraintclearance_8cpp&#45;source.html" title="src/constraintclearance.cpp" alt="" coords="528,453,715,480">
<area shape="rect" href="$constraintcontact_8cpp&#45;source.html" title="src/constraintcontact.cpp" alt="" coords="739,453,912,480">
<area shape="rect" href="$constraintdistance_8cpp&#45;source.html" title="src/constraintdistance.cpp" alt="" coords="936,453,1115,480">
<area shape="rect" href="$constraintfixedaxis_8cpp&#45;source.html" title="src/constraintfixedaxis.cpp" alt="" coords="1139,453,1320,480">
<area shape="rect" href="$constraintfixedcoordinates_8cpp&#45;source.html" title="src/constraintfixedcoordinates.cpp" alt="" coords="1344,453,1573,480">
<area shape="rect" href="$force_8cpp&#45;source.html" title="src/force.cpp" alt="" coords="1597,453,1696,480">
<area shape="rect" href="$gausspoint_8cpp&#45;source.html" title="src/gausspoint.cpp" alt="" coords="1720,453,1856,480">
<area shape="rect" href="$generalcontact_8cpp&#45;source.html" title="src/generalcontact.cpp" alt="" coords="1880,453,2037,480">
<area shape="rect" href="$load_8cpp&#45;source.html" title="src/load.cpp" alt="" coords="2061,453,2157,480">
<area shape="rect" href="$mknix_8cpp&#45;source.html" title="src/mknix.cpp" alt="" coords="2181,453,2285,480">
<area shape="rect" href="$reader_8h&#45;source.html" title="src/reader.h" alt="" coords="2309,453,2405,480">
<area shape="rect" href="$simulation_8cpp&#45;source.html" title="src/simulation.cpp" alt="" coords="2377,528,2508,555">
<area shape="rect" href="$rigidbar_8cpp&#45;source.html" title="src/rigidbar.cpp" alt="" coords="2480,453,2595,480">
<area shape="rect" href="$rigidbody_8cpp&#45;source.html" title="src/rigidbody.cpp" alt="" coords="2619,453,2744,480">
<area shape="rect" href="$rigidbody3D_8cpp&#45;source.html" title="src/rigidbody3D.cpp" alt="" coords="2768,453,2909,480">
<area shape="rect" href="$rigidbodymasspoint_8cpp&#45;source.html" title="src/rigidbodymasspoint.cpp" alt="" coords="2933,453,3120,480">
<area shape="rect" href="$shapefunction_8cpp&#45;source.html" title="src/shapefunction.cpp" alt="" coords="3144,453,3299,480">
<area shape="rect" href="$reader_8cpp&#45;source.html" title="src/reader.cpp" alt="" coords="2244,528,2353,555">
