<area shape="rect" href="$cell_8cpp&#45;source.html" title="src/cell.cpp" alt="" coords="2049,80,2140,107">
<area shape="rect" href="$cellrect_8h.html" title="Background cells for integration." alt="" coords="2164,80,2263,107">
<area shape="rect" href="$celltriang_8h.html" title="Background cells for integration." alt="" coords="2320,80,2429,107">
<area shape="rect" href="$cellrect_8cpp&#45;source.html" title="src/cellrect.cpp" alt="" coords="2157,155,2269,182">
<area shape="rect" href="$flexbody_8h&#45;source.html" title="src/flexbody.h" alt="" coords="2229,230,2336,256">
<area shape="rect" href="$flexglobalgalerkin_8h&#45;source.html" title="src/flexglobalgalerkin.h" alt="" coords="2087,304,2247,331">
<area shape="rect" href="$flexbody_8cpp&#45;source.html" title="src/flexbody.cpp" alt="" coords="3659,528,3779,555">
<area shape="rect" href="$system_8h&#45;source.html" title="src/system.h" alt="" coords="2117,379,2216,406">
<area shape="rect" href="$flexglobalgalerkin_8cpp&#45;source.html" title="src/flexglobalgalerkin.cpp" alt="" coords="5,528,179,555">
<area shape="rect" href="$simulation_8h&#45;source.html" title="src/simulation.h" alt="" coords="2051,454,2168,480">
<area shape="rect" href="$system_8cpp&#45;source.html" title="src/system.cpp" alt="" coords="2192,454,2304,480">
<area shape="rect" href="$analysis_8cpp&#45;source.html" title="src/analysis.cpp" alt="" coords="3323,528,3440,555">
<area shape="rect" href="$analysisdynamic_8cpp&#45;source.html" title="src/analysisdynamic.cpp" alt="" coords="3464,528,3635,555">
<area shape="rect" href="$analysisstatic_8cpp&#45;source.html" title="src/analysisstatic.cpp" alt="" coords="203,528,352,555">
<area shape="rect" href="$constraint_8cpp&#45;source.html" title="src/constraint.cpp" alt="" coords="376,528,504,555">
<area shape="rect" href="$constraintclearance_8cpp&#45;source.html" title="src/constraintclearance.cpp" alt="" coords="528,528,715,555">
<area shape="rect" href="$constraintcontact_8cpp&#45;source.html" title="src/constraintcontact.cpp" alt="" coords="739,528,912,555">
<area shape="rect" href="$constraintdistance_8cpp&#45;source.html" title="src/constraintdistance.cpp" alt="" coords="936,528,1115,555">
<area shape="rect" href="$constraintfixedaxis_8cpp&#45;source.html" title="src/constraintfixedaxis.cpp" alt="" coords="1139,528,1320,555">
<area shape="rect" href="$constraintfixedcoordinates_8cpp&#45;source.html" title="src/constraintfixedcoordinates.cpp" alt="" coords="1344,528,1573,555">
<area shape="rect" href="$force_8cpp&#45;source.html" title="src/force.cpp" alt="" coords="1597,528,1696,555">
<area shape="rect" href="$gausspoint_8cpp&#45;source.html" title="src/gausspoint.cpp" alt="" coords="1720,528,1856,555">
<area shape="rect" href="$generalcontact_8cpp&#45;source.html" title="src/generalcontact.cpp" alt="" coords="1880,528,2037,555">
<area shape="rect" href="$load_8cpp&#45;source.html" title="src/load.cpp" alt="" coords="2061,528,2157,555">
<area shape="rect" href="$mknix_8cpp&#45;source.html" title="src/mknix.cpp" alt="" coords="2181,528,2285,555">
<area shape="rect" href="$reader_8h&#45;source.html" title="src/reader.h" alt="" coords="2309,528,2405,555">
<area shape="rect" href="$simulation_8cpp&#45;source.html" title="src/simulation.cpp" alt="" coords="2377,603,2508,630">
<area shape="rect" href="$rigidbar_8cpp&#45;source.html" title="src/rigidbar.cpp" alt="" coords="2480,528,2595,555">
<area shape="rect" href="$rigidbody_8cpp&#45;source.html" title="src/rigidbody.cpp" alt="" coords="2619,528,2744,555">
<area shape="rect" href="$rigidbody3D_8cpp&#45;source.html" title="src/rigidbody3D.cpp" alt="" coords="2768,528,2909,555">
<area shape="rect" href="$rigidbodymasspoint_8cpp&#45;source.html" title="src/rigidbodymasspoint.cpp" alt="" coords="2933,528,3120,555">
<area shape="rect" href="$shapefunction_8cpp&#45;source.html" title="src/shapefunction.cpp" alt="" coords="3144,528,3299,555">
<area shape="rect" href="$reader_8cpp&#45;source.html" title="src/reader.cpp" alt="" coords="2244,603,2353,630">
<area shape="rect" href="$celltriang_8cpp&#45;source.html" title="src/celltriang.cpp" alt="" coords="2499,155,2621,182">
<area shape="rect" href="$elemtriangle_8h&#45;source.html" title="src/elemtriangle.h" alt="" coords="2344,155,2475,182">
<area shape="rect" href="$elemtriangle_8cpp&#45;source.html" title="src/elemtriangle.cpp" alt="" coords="2360,230,2504,256">
