<area shape="rect" href="$classmknix_1_1Cell.html" title="{mknix::Cell\n|# mat\l# alpha\l# nGPoints\l# gPoints\l# jacobian\l|+ Cell()\l+ Cell()\l+ ~Cell()\l+ initialize()\l+ computeShapeFunctions()\l+ computeMGaussPoints()\l+ assembleMGaussPoints()\l+ computeFintGaussPoints()\l+ computeNLFintGaussPoints()\l+ assembleFintGaussPoints()\l+ computeFextGaussPoints()\l+ assembleFextGaussPoints()\l+ computeKGaussPoints()\l+ computeNLKGaussPoints()\l+ assembleKGaussPoints()\l+ assembleRGaussPoints()\l+ assembleNLRGaussPoints()\l+ calcPotentialEGaussPoints()\l+ calcKineticEGaussPoints()\l+ calcElasticEGaussPoints()\l+ gnuplotOut()\l+ gnuplotOutTension()\l}" alt="" coords="5,469,216,949">
<area shape="rect" href="$classmknix_1_1Material.html" title="{mknix::Material\n|&#45; young\l&#45; poisson\l&#45; lambda\l&#45; mu\l&#45; density\l&#45; D\l&#45; C\l&#45; E\l|+ Material()\l+ Material()\l+ ~Material()\l+ getE()\l+ getMu()\l+ getDensity()\l+ getD()\l+ getC()\l+ computeD()\l+ computeC()\l+ getCsym()\l+ computeS()\l+ computeEnergy()\l&#45; Cijkl()\l}" alt="" coords="43,5,179,405">
