<area shape="rect" href="$classmknix_1_1Analysis.html" title="{mknix::Analysis\n|# theSimulation\l|+ Analysis()\l+ Analysis()\l+ ~Analysis()\l+ type()\l+ solve()\l}" alt="" coords="22,1421,139,1565">
<area shape="rect" href="$classmknix_1_1Simulation.html" title="{mknix::Simulation\n|&#45; title\l&#45; theReader\l&#45; baseSystem\l&#45; theContact\l&#45; analysis\l&#45; nodes\l&#45; groundNodes\l&#45; materials\l&#45; globalMass\l&#45; globalRHSForces\l&#45; globalInternalForces\l&#45; globalExternalForces\l&#45; outFile\l&#45; gravity\l&#45; alpha\l&#45; dimension\l&#45; contact\l&#45; visualization\l&#45; constraintMethod\l|+ Simulation()\l+ ~Simulation()\l+ inputFromFile()\l+ run()\l+ writeSystem()\l+ dynamicAcceleration()\l+ dynamicResidue()\l+ dynamicTangent()\l+ dynamicConvergence()\l+ staticResidue()\l+ staticTangent()\l+ staticConvergence()\l+ stepTriggered()\l+ getGravity()\l+ getAlpha()\l+ getDim()\l+ getConstraintMethod()\l}" alt="" coords="108,645,282,1269">
<area shape="rect" href="$classmknix_1_1Reader.html" title="{mknix::Reader\n|&#45; theSimulation\l&#45; output\l&#45; input\l|+ Reader()\l+ Reader()\l+ ~Reader()\l+ inputFromFile()\l&#45; readSystem()\l&#45; readRigidBodies()\l&#45; readRigidBody0DMassPoint()\l&#45; readRigidBody1DBar()\l&#45; readRigidBody3DGeneric()\l&#45; readFlexBodies()\l&#45; readConstraints()\l&#45; readLoads()\l&#45; readAnalysis()\l&#45; readNode()\l}" alt="" coords="183,1333,394,1653">
<area shape="rect" href="$classmknix_1_1System.html" title="{mknix::System\n|&#45; title\l&#45; subSystems\l&#45; rigidBodies\l&#45; flexBodies\l&#45; constraints\l&#45; loads\l&#45; itSubSystems\l&#45; itRigidBodies\l&#45; itFlexBodies\l&#45; itConstraints\l&#45; itLoads\l|+ System()\l+ System()\l+ ~System()\l+ getTitle()\l+ writeRigidBodies()\l+ writeFlexBodies()\l+ calcMassMatrix()\l+ calcInternalForces()\l+ calcExternalForces()\l+ calcTangentMatrix()\l+ assembleMassMatrix()\l+ assembleInternalForces()\l+ assembleExternalForces()\l+ assembleTangentMatrix()\l+ assembleConstraintForces()\l+ outputStep()\l+ outputStep()\l+ outputToFile()\l+ checkAugmented()\l+ clearAugmented()\l+ writeBoundaryNodes()\l+ writeBoundaryConnectivity()\l}" alt="" coords="94,5,296,581">
