<area shape="rect" href="$classmknix_1_1ConstraintClearance.html" title="{mknix::ConstraintClearance\n|# rh\l# rt\l|+ ConstraintClearance()\l+ ~ConstraintClearance()\l+ ConstraintClearance()\l+ calcPhi()\l+ calcPhiq()\l+ calcPhiqq()\l+ getInternalForces()\l+ getStiffnessMatrix()\l}" alt="" coords="5,502,195,710">
<area shape="rect" href="$classmknix_1_1ConstraintContact.html" title="{mknix::ConstraintContact\n|# normal\l# rh\l# rt\l|+ ConstraintContact()\l+ ~ConstraintContact()\l+ ConstraintContact()\l+ calcPhi()\l+ calcPhiq()\l+ calcPhiqq()\l+ getInternalForces()\l+ getStiffnessMatrix()\l+ getGap()\l}" alt="" coords="219,486,392,726">
<area shape="rect" href="$classmknix_1_1ConstraintDistance.html" title="{mknix::ConstraintDistance\n|# ro\l# rt\l|+ ConstraintDistance()\l+ ~ConstraintDistance()\l+ ConstraintDistance()\l+ calcPhi()\l+ calcPhiq()\l+ calcPhiqq()\l+ getInternalForces()\l+ getStiffnessMatrix()\l}" alt="" coords="416,502,597,710">
<area shape="rect" href="$classmknix_1_1ConstraintFixedAxis.html" title="{mknix::ConstraintFixedAxis\n|# axisName\l# ro\l# rt\l|+ ConstraintFixedAxis()\l+ ConstraintFixedAxis()\l+ ~ConstraintFixedAxis()\l+ calcPhi()\l+ calcPhiq()\l+ calcPhiqq()\l+ getInternalForces()\l+ getStiffnessMatrix()\l}" alt="" coords="621,494,808,718">
<area shape="rect" href="$classmknix_1_1ConstraintFixedCoordinates.html" title="{mknix::ConstraintFixedCoordinates\n|# rxo\l# ryo\l# rzo\l# rxt\l# ryt\l# rzt\l|+ ConstraintFixedCoordinates()\l+ ConstraintFixedCoordinates()\l+ ~ConstraintFixedCoordinates()\l+ calcPhi()\l+ calcPhiq()\l+ calcPhiqq()\l+ getInternalForces()\l+ getStiffnessMatrix()\l}" alt="" coords="832,470,1067,742">
