<area shape="rect" href="$cell_8h.html" title="Background cells for integration." alt="" coords="846,80,920,107">
<area shape="rect" href="$gausspoint_8cpp&#45;source.html" title="src/gausspoint.cpp" alt="" coords="3464,603,3600,629">
<area shape="rect" href="$shapefunction_8cpp&#45;source.html" title="src/shapefunction.cpp" alt="" coords="3624,603,3779,629">
<area shape="rect" href="$shapefunctionRBF_8cpp&#45;source.html" title="src/shapefunctionRBF.cpp" alt="" coords="3620,80,3802,107">
<area shape="rect" href="$shapefunctiontriangle_8cpp&#45;source.html" title="src/shapefunctiontriangle.cpp" alt="" coords="3826,80,4026,107">
<area shape="rect" href="$cell_8cpp&#45;source.html" title="src/cell.cpp" alt="" coords="899,155,990,181">
<area shape="rect" href="$cellrect_8h.html" title="Background cells for integration." alt="" coords="618,155,716,181">
<area shape="rect" href="$celltriang_8h.html" title="Background cells for integration." alt="" coords="766,155,875,181">
<area shape="rect" href="$cellrect_8cpp&#45;source.html" title="src/cellrect.cpp" alt="" coords="518,229,630,256">
<area shape="rect" href="$flexbody_8h&#45;source.html" title="src/flexbody.h" alt="" coords="615,304,722,331">
<area shape="rect" href="$flexglobalgalerkin_8h&#45;source.html" title="src/flexglobalgalerkin.h" alt="" coords="588,379,748,405">
<area shape="rect" href="$flexbody_8cpp&#45;source.html" title="src/flexbody.cpp" alt="" coords="6,603,126,629">
<area shape="rect" href="$system_8h&#45;source.html" title="src/system.h" alt="" coords="911,453,1010,480">
<area shape="rect" href="$flexglobalgalerkin_8cpp&#45;source.html" title="src/flexglobalgalerkin.cpp" alt="" coords="150,603,323,629">
<area shape="rect" href="$simulation_8h&#45;source.html" title="src/simulation.h" alt="" coords="1599,528,1716,555">
<area shape="rect" href="$system_8cpp&#45;source.html" title="src/system.cpp" alt="" coords="904,528,1016,555">
<area shape="rect" href="$analysis_8cpp&#45;source.html" title="src/analysis.cpp" alt="" coords="2192,603,2310,629">
<area shape="rect" href="$analysisdynamic_8cpp&#45;source.html" title="src/analysisdynamic.cpp" alt="" coords="2334,603,2504,629">
<area shape="rect" href="$analysisstatic_8cpp&#45;source.html" title="src/analysisstatic.cpp" alt="" coords="2528,603,2678,629">
<area shape="rect" href="$constraint_8cpp&#45;source.html" title="src/constraint.cpp" alt="" coords="2702,603,2830,629">
<area shape="rect" href="$constraintclearance_8cpp&#45;source.html" title="src/constraintclearance.cpp" alt="" coords="2854,603,3040,629">
<area shape="rect" href="$constraintcontact_8cpp&#45;source.html" title="src/constraintcontact.cpp" alt="" coords="3064,603,3238,629">
<area shape="rect" href="$constraintdistance_8cpp&#45;source.html" title="src/constraintdistance.cpp" alt="" coords="3262,603,3440,629">
<area shape="rect" href="$constraintfixedaxis_8cpp&#45;source.html" title="src/constraintfixedaxis.cpp" alt="" coords="347,603,528,629">
<area shape="rect" href="$constraintfixedcoordinates_8cpp&#45;source.html" title="src/constraintfixedcoordinates.cpp" alt="" coords="552,603,782,629">
<area shape="rect" href="$force_8cpp&#45;source.html" title="src/force.cpp" alt="" coords="806,603,904,629">
<area shape="rect" href="$generalcontact_8cpp&#45;source.html" title="src/generalcontact.cpp" alt="" coords="928,603,1086,629">
<area shape="rect" href="$load_8cpp&#45;source.html" title="src/load.cpp" alt="" coords="1110,603,1206,629">
<area shape="rect" href="$mknix_8cpp&#45;source.html" title="src/mknix.cpp" alt="" coords="1230,603,1334,629">
<area shape="rect" href="$reader_8h&#45;source.html" title="src/reader.h" alt="" coords="1358,603,1454,629">
<area shape="rect" href="$simulation_8cpp&#45;source.html" title="src/simulation.cpp" alt="" coords="1426,677,1556,704">
<area shape="rect" href="$rigidbar_8cpp&#45;source.html" title="src/rigidbar.cpp" alt="" coords="1528,603,1643,629">
<area shape="rect" href="$rigidbody_8cpp&#45;source.html" title="src/rigidbody.cpp" alt="" coords="1667,603,1792,629">
<area shape="rect" href="$rigidbody3D_8cpp&#45;source.html" title="src/rigidbody3D.cpp" alt="" coords="1816,603,1958,629">
<area shape="rect" href="$rigidbodymasspoint_8cpp&#45;source.html" title="src/rigidbodymasspoint.cpp" alt="" coords="1982,603,2168,629">
<area shape="rect" href="$reader_8cpp&#45;source.html" title="src/reader.cpp" alt="" coords="1292,677,1402,704">
<area shape="rect" href="$celltriang_8cpp&#45;source.html" title="src/celltriang.cpp" alt="" coords="910,229,1032,256">
<area shape="rect" href="$elemtriangle_8h&#45;source.html" title="src/elemtriangle.h" alt="" coords="755,229,886,256">
<area shape="rect" href="$elemtriangle_8cpp&#45;source.html" title="src/elemtriangle.cpp" alt="" coords="748,304,892,331">
